[    2761ms] [VERBOSE] [DOM] Input elements should have autocomplete attributes (suggested: "current-password"): (More info: https://goo.gl/9p2vKq) %o @ http://localhost:3000/en/login:0
[    2835ms] [LOG] [Client Instrumentation Hook] Slow execution detected: 20ms (Note: Code download overhead is not included in this measurement) @ http://localhost:3000/_next/static/chunks/03k9_next_dist_0gh5tol._.js:702
[    2847ms] [INFO] %cDownload the React DevTools for a better development experience: https://react.dev/link/react-devtools font-weight:bold @ http://localhost:3000/_next/static/chunks/03k9_next_dist_0gh5tol._.js:1073
[    2892ms] [LOG] [HMR] connected @ http://localhost:3000/_next/static/chunks/03k9_next_dist_0gh5tol._.js:1073
[    3034ms] [LOG] [Fast Refresh] rebuilding @ http://localhost:3000/_next/static/chunks/03k9_next_dist_0gh5tol._.js:1073
[    3422ms] [LOG] [Fast Refresh] done in 488ms @ http://localhost:3000/_next/static/chunks/03k9_next_dist_0gh5tol._.js:1073
[   85426ms] [LOG] [Fast Refresh] rebuilding @ http://localhost:3000/_next/static/chunks/03k9_next_dist_0gh5tol._.js:1073
[   85474ms] [LOG] [Fast Refresh] done in 149ms @ http://localhost:3000/_next/static/chunks/03k9_next_dist_0gh5tol._.js:1073
[  100025ms] [LOG] [Fast Refresh] rebuilding @ http://localhost:3000/_next/static/chunks/03k9_next_dist_0gh5tol._.js:1073
[  100140ms] [LOG] [Fast Refresh] done in 223ms @ http://localhost:3000/_next/static/chunks/03k9_next_dist_0gh5tol._.js:1073
[  153101ms] [LOG] [Fast Refresh] rebuilding @ http://localhost:3000/_next/static/chunks/03k9_next_dist_0gh5tol._.js:1073
[  153275ms] [LOG] [Fast Refresh] done in 280ms @ http://localhost:3000/_next/static/chunks/03k9_next_dist_0gh5tol._.js:1073
[  155128ms] [LOG] [Fast Refresh] rebuilding @ http://localhost:3000/_next/static/chunks/03k9_next_dist_0gh5tol._.js:1073
[  156966ms] [LOG] [Fast Refresh] done in 1939ms @ http://localhost:3000/_next/static/chunks/03k9_next_dist_0gh5tol._.js:1073
[  156975ms] [LOG] [Fast Refresh] rebuilding @ http://localhost:3000/_next/static/chunks/03k9_next_dist_0gh5tol._.js:1073
[  157001ms] [LOG] [Fast Refresh] done in 29ms @ http://localhost:3000/_next/static/chunks/03k9_next_dist_0gh5tol._.js:1073
[  157759ms] [LOG] [Fast Refresh] rebuilding @ http://localhost:3000/_next/static/chunks/03k9_next_dist_0gh5tol._.js:1073
[  157788ms] [LOG] [Fast Refresh] done in 131ms @ http://localhost:3000/_next/static/chunks/03k9_next_dist_0gh5tol._.js:1073
[  161267ms] [LOG] [Fast Refresh] rebuilding @ http://localhost:3000/_next/static/chunks/03k9_next_dist_0gh5tol._.js:1073
[  161311ms] [LOG] [Fast Refresh] done in 144ms @ http://localhost:3000/_next/static/chunks/03k9_next_dist_0gh5tol._.js:1073
[  168315ms] [LOG] [Fast Refresh] rebuilding @ http://localhost:3000/_next/static/chunks/03k9_next_dist_0gh5tol._.js:1073
[  168338ms] [LOG] [Fast Refresh] done in 124ms @ http://localhost:3000/_next/static/chunks/03k9_next_dist_0gh5tol._.js:1073
