[2026-08-06T07:12:26.947Z] GET http://localhost:3111/ja/login → 200 (77ms, 105552B)
[2026-08-06T07:12:27.035Z] GET http://localhost:3111/_next/static/media/83afe278b6a6bb3c-s.p.0q-301v4kxxnr.woff2 → 200 (5ms, 48432B)
[2026-08-06T07:12:27.035Z] GET http://localhost:3111/_next/static/media/ad9c66e761fed85a-s.p.0e4b2z5rxsmxh.woff2 → 200 (5ms, 24996B)
[2026-08-06T07:12:27.035Z] GET http://localhost:3111/_next/static/chunks/%5Broot-of-the-server%5D__09rm~uc._.css → 200 (5ms, 788460B)
[2026-08-06T07:12:27.035Z] GET http://localhost:3111/karute_logo.png → 200 (4ms, 37939B)
[2026-08-06T07:12:27.035Z] GET http://localhost:3111/_next/static/chunks/%5Bturbopack%5D_browser_dev_hmr-client_hmr-client_ts_0z3qmj5._.js → 200 (13ms, 1010B)
[2026-08-06T07:12:27.035Z] GET http://localhost:3111/_next/static/chunks/node_modules_next_dist_compiled_react-dom_058-ah~._.js → 200 (58ms, 1058314B)
[2026-08-06T07:12:27.035Z] GET http://localhost:3111/_next/static/chunks/node_modules_next_dist_compiled_next-devtools_index_0553esy.js → 200 (57ms, 746908B)
[2026-08-06T07:12:27.035Z] GET http://localhost:3111/_next/static/chunks/node_modules_next_dist_compiled_react-server-dom-turbopack_0p3wegg._.js → 200 (14ms, 174968B)
[2026-08-06T07:12:27.036Z] GET http://localhost:3111/_next/static/chunks/node_modules_next_dist_compiled_03z8m4g._.js → 200 (13ms, 166979B)
[2026-08-06T07:12:27.036Z] GET http://localhost:3111/_next/static/chunks/node_modules_next_dist_shared_lib_12au7sk._.js → 200 (22ms, 293600B)
[2026-08-06T07:12:27.036Z] GET http://localhost:3111/_next/static/chunks/node_modules_next_dist_client_0.0dnbh._.js → 200 (57ms, 794437B)
[2026-08-06T07:12:27.036Z] GET http://localhost:3111/_next/static/chunks/node_modules_next_dist_0nzbwyu._.js → 200 (22ms, 192254B)
[2026-08-06T07:12:27.036Z] GET http://localhost:3111/_next/static/chunks/node_modules_next_router_0r7w7aj.js → 200 (22ms, 772B)
[2026-08-06T07:12:27.036Z] GET http://localhost:3111/_next/static/chunks/node_modules_%40sentry_core_build_esm_0fj0uzk._.js → 200 (89ms, 739027B)
[2026-08-06T07:12:27.036Z] GET http://localhost:3111/_next/static/chunks/node_modules_%40sentry_browser_build_npm_esm_dev_0aure1t._.js → 200 (51ms, 235799B)
[2026-08-06T07:12:27.036Z] GET http://localhost:3111/_next/static/chunks/node_modules_%40sentry-internal_browser-utils_build_esm_0hav5rb._.js → 200 (57ms, 269324B)
[2026-08-06T07:12:27.036Z] GET http://localhost:3111/_next/static/chunks/node_modules_0bww7vh._.js → 200 (56ms, 103882B)
[2026-08-06T07:12:27.036Z] GET http://localhost:3111/_next/static/chunks/src_instrumentation-client_ts_0arenl9._.js → 200 (57ms, 6653B)
[2026-08-06T07:12:27.036Z] GET http://localhost:3111/_next/static/chunks/_0rqeker._.js → 200 (57ms, 1137B)
[2026-08-06T07:12:27.036Z] GET http://localhost:3111/_next/static/chunks/turbopack-_0jyctj5._.js → 200 (89ms, 93066B)
[2026-08-06T07:12:27.036Z] GET http://localhost:3111/_next/static/chunks/node_modules_0qagg3m._.js → 200 (137ms, 304771B)
[2026-08-06T07:12:27.036Z] GET http://localhost:3111/_next/static/chunks/src_components_0jrf2zj._.js → 200 (59ms, 13943B)
[2026-08-06T07:12:27.037Z] GET http://localhost:3111/_next/static/chunks/src_app_layout_tsx_0n2esll._.js → 200 (57ms, 349B)
[2026-08-06T07:12:27.037Z] GET http://localhost:3111/_next/static/chunks/node_modules_next_dist_0z-g3.g._.js → 200 (88ms, 24575B)
[2026-08-06T07:12:27.037Z] GET http://localhost:3111/_next/static/chunks/src_app_not-found_tsx_0.5j8qg._.js → 200 (88ms, 263B)
[2026-08-06T07:12:27.037Z] GET http://localhost:3111/_next/static/chunks/src_app_global-error_tsx_0oi~pse._.js → 200 (136ms, 8461B)
[2026-08-06T07:12:27.037Z] GET http://localhost:3111/_next/static/chunks/src_app_global-error_tsx_0.5j8qg._.js → 200 (136ms, 265B)
[2026-08-06T07:12:27.037Z] GET http://localhost:3111/_next/static/chunks/node_modules_06~bluz._.js → 200 (137ms, 149420B)
[2026-08-06T07:12:27.037Z] GET http://localhost:3111/_next/static/chunks/src_app_%5Blocale%5D_layout_tsx_0.5j8qg._.js → 200 (136ms, 253B)
[2026-08-06T07:12:27.037Z] GET http://localhost:3111/_next/static/chunks/node_modules_0tz82ny._.js → 200 (137ms, 1053222B)
[2026-08-06T07:12:27.037Z] GET http://localhost:3111/_next/static/chunks/src_00gez68._.js → 200 (136ms, 22276B)
[2026-08-06T07:12:27.037Z] GET http://localhost:3111/_next/static/chunks/src_app_%5Blocale%5D_login_page_tsx_12c6qmv._.js → 200 (136ms, 286B)
[2026-08-06T07:12:27.123Z] GET http://localhost:3111/_next/static/media/84ba4a404237237a-s.0dhweiompwwd-.woff2 → 200 (9ms, 79028B)
[2026-08-06T07:12:27.124Z] GET http://localhost:3111/_next/static/media/9a90a47970b2d1ac-s.0l1n~yoyeh2k4.woff2 → 200 (7ms, 11760B)
[2026-08-06T07:12:27.124Z] GET http://localhost:3111/_next/static/media/9d85bd9105499ad1-s.0866~vmczf~a8.woff2 → 200 (8ms, 14832B)
[2026-08-06T07:12:27.124Z] GET http://localhost:3111/_next/static/media/6791019760a8bee3-s.0iael8-_ctx6p.woff2 → 200 (8ms, 17484B)
[2026-08-06T07:12:27.124Z] GET http://localhost:3111/_next/static/media/37f58264f669d8d0-s.0a1j_yg7j-fai.woff2 → 200 (8ms, 16432B)
[2026-08-06T07:12:27.124Z] GET http://localhost:3111/_next/static/media/3df8c6b5cf30c80b-s.0ckd0h9i26_bq.woff2 → 200 (8ms, 16092B)
[2026-08-06T07:12:27.204Z] POST https://o4511332792074240.ingest.de.sentry.io/api/4511332811276368/envelope/?sentry_version=7&sentry_key=f19c999abb8948c05bfebe24fef3e5d9&sentry_client=sentry.javascript.nextjs%2F10.51.0 → 200 (106ms, 2B)
[2026-08-06T07:12:27.255Z] GET http://localhost:3111/_next/static/chunks/%5Bturbopack%5D_browser_dev_hmr-client_hmr-client_ts_0yjw1oe._.js → 200 (49ms, 15949B)
[2026-08-06T07:12:27.255Z] GET http://localhost:3111/_next/static/chunks/%5Bturbopack%5D_browser_dev_hmr-client_hmr-client_ts_05pg6sk._.js → 200 (49ms, 289B)
[2026-08-06T07:12:27.350Z] POST https://o4511332792074240.ingest.de.sentry.io/api/4511332811276368/envelope/?sentry_version=7&sentry_key=f19c999abb8948c05bfebe24fef3e5d9&sentry_client=sentry.javascript.nextjs%2F10.51.0 → 200 (21ms, 2B)
[2026-08-06T07:12:27.350Z] POST https://o4511332792074240.ingest.de.sentry.io/api/4511332811276368/envelope/?sentry_version=7&sentry_key=f19c999abb8948c05bfebe24fef3e5d9&sentry_client=sentry.javascript.nextjs%2F10.51.0 → 200 (14ms, 2B)
[2026-08-06T07:12:34.383Z] POST https://rvkhxludlxxidjjgcnva.supabase.co/auth/v1/token?grant_type=password → pending (?ms, ?B)
[2026-08-06T07:12:34.399Z] POST http://localhost:3111/__nextjs_original-stack-frames → 200 (33ms, 3963B)
[2026-08-06T07:12:34.414Z] GET http://localhost:3111/__nextjs_font/geist-latin.woff2 → 200 (6ms, 28356B)
[2026-08-06T07:12:34.414Z] GET http://localhost:3111/_next/static/media/4f585ef944389036-s.07pu-lk_xhdqg.woff2 → 200 (6ms, 15828B)
[2026-08-06T07:12:34.414Z] GET http://localhost:3111/_next/static/media/ab48bfb9925fb09d-s.0c04a00.5z2ls.woff2 → 200 (6ms, 15212B)
